Target Part: A3P125_TQFP144_STD
Report for cell Minimal_SoC.verilog
  Core Cell usage:
              cell count     area count*area
              AND2    36      1.0       36.0
              AND3    18      1.0       18.0
               AO1   162      1.0      162.0
              AO1A    24      1.0       24.0
              AO1B     7      1.0        7.0
              AO1C     6      1.0        6.0
              AO1D     2      1.0        2.0
              AOI1    14      1.0       14.0
             AOI1B     8      1.0        8.0
               AX1    15      1.0       15.0
              AX1A     1      1.0        1.0
              AX1B     7      1.0        7.0
              AX1C     9      1.0        9.0
              AX1D    15      1.0       15.0
              AX1E     1      1.0        1.0
             AXOI4     1      1.0        1.0
             AXOI5     1      1.0        1.0
              BUFF     2      1.0        2.0
            CLKINT     1      0.0        0.0
               GND    26      0.0        0.0
               INV    24      1.0       24.0
              MAJ3     7      1.0        7.0
            MAJ3XI     1      1.0        1.0
               MX2   367      1.0      367.0
              MX2A    22      1.0       22.0
              MX2B    11      1.0       11.0
              MX2C    61      1.0       61.0
              NOR2    65      1.0       65.0
             NOR2A   189      1.0      189.0
             NOR2B   340      1.0      340.0
              NOR3    34      1.0       34.0
             NOR3A    90      1.0       90.0
             NOR3B    65      1.0       65.0
             NOR3C   104      1.0      104.0
               OA1    32      1.0       32.0
              OA1A    21      1.0       21.0
              OA1B     8      1.0        8.0
              OA1C    10      1.0       10.0
              OAI1     2      1.0        2.0
               OR2    60      1.0       60.0
              OR2A    21      1.0       21.0
              OR2B    12      1.0       12.0
               OR3    88      1.0       88.0
              OR3A    10      1.0       10.0
              OR3B     2      1.0        2.0
              OR3C     3      1.0        3.0
               PLL     1      0.0        0.0
            PLLINT     1      0.0        0.0
               VCC    26      0.0        0.0
               XA1    36      1.0       36.0
              XA1A     4      1.0        4.0
              XA1B    32      1.0       32.0
              XA1C     6      1.0        6.0
             XNOR2    19      1.0       19.0
               XO1     3      1.0        3.0
              XO1A     1      1.0        1.0
              XOR2   124      1.0      124.0
              XOR3     7      1.0        7.0


          DFI1E0P0     1      1.0        1.0
              DFN1    44      1.0       44.0
            DFN1C0   149      1.0      149.0
            DFN1C1     4      1.0        4.0
          DFN1E0C0    54      1.0       54.0
          DFN1E0C1     4      1.0        4.0
          DFN1E0P0    24      1.0       24.0
            DFN1E1    40      1.0       40.0
          DFN1E1C0   151      1.0      151.0
          DFN1E1C1    12      1.0       12.0
          DFN1E1P0    54      1.0       54.0
          DFN1E1P1     1      1.0        1.0
            DFN1P0    32      1.0       32.0
          FIFO4K18     2      0.0        0.0
         RAM512X18     1      0.0        0.0
                   -----          ----------
             TOTAL  2838              2780.0


  IO Cell usage:
              cell count
             BIBUF     2
             INBUF     6
            OUTBUF     5
                   -----
             TOTAL    13


Core Cells         : 2780 of 3072 (90%)
IO Cells           : 13

  RAM/ROM Usage Summary
Block Rams : 3 of 8 (37%)

